Sulietuvinimai\Kita\Advanced Grapher
Sulietuvinimai\Programavimas\Dark Basic
Sulietuvinimai\Failø tvarkytuvai\FAR 1.63
Sulietuvinimai\Þaidimai\Grand Prix 3
Sulietuvinimai\Kita\KDE 2.x
Sulietuvinimai\LitWin\LitWin 2000 & ME
Sulietuvinimai\LitWin\LitWin 98
Sulietuvinimai\LitWin\LitWin NT 4.0 (4.11.2)
Sulietuvinimai\LitWin\LitWin NT 4.0 (4.13.05)
Sulietuvinimai\LitWin\LitWin XP
Sulietuvinimai\Þaidimai\LT Pack Beta 2
Sulietuvinimai\Interneto programos\Mirc (Join & Quit)
Sulietuvinimai\Kita\MP3 CD Maker 1.50
Sulietuvinimai\Interneto programos\Netscape Communicator (Linux)
Sulietuvinimai\Interneto programos\Outlook Express 5.5
Sulietuvinimai\Programavimas\Paquet Builder
Sulietuvinimai\Kita\PGP 2.6.3(i)
Sulietuvinimai\Programavimas\Setup Generator
Sulietuvinimai\Grotuvai\Sonique
Sulietuvinimai\Archivatoriai\WinACE 1.x
Sulietuvinimai\Grotuvai\WinAmp 2.64
Sulietuvinimai\Grotuvai\WinAmp 2.72
Sulietuvinimai\Failø tvarkytuvai\Windows Commander 5
Sulietuvinimai\Þaidimai\Windows LT Games
Sulietuvinimai\Kita\WinLiet 1.05 Beta
Sulietuvinimai\Archivatoriai\WinRAR 2.90 beta 2
Sulietuvinimai\Archivatoriai\WinRAR 3.x
Sulietuvinimai\Þaidimai\Worms World Party & Armagedon
Priedai\Edit Plus 2.x\BAT failø formatas
Þaidimai\Arkada\Nuðauk Jas!
Programos\Grafika\Covera
Programavimas\ActiveX Kontrolës\Language Control
Programos\Sistemos Árankiai\LNG Edit
Programos\Kontrolës Árankiai\Game Lock
Sulietuvinimai\Kita\Lir
Sulietuvinimai\Interneto programos\Macromedia Dreamweaver 2